
> ---@0.0.0 build
> vite build

[36mvite v8.0.9 [32mbuilding client environment for production...[36m[39m
[2K
transforming...??2675 modules transformed.
